
  .   ____          _            __ _ _
 /\\ / ___'_ __ _ _(_)_ __  __ _ \ \ \ \
( ( )\___ | '_ | '_| | '_ \/ _` | \ \ \ \
 \\/  ___)| |_)| | | | | || (_| |  ) ) ) )
  '  |____| .__|_| |_|_| |_\__, | / / / /
 =========|_|==============|___/=/_/_/_/
 :: Spring Boot ::               (v2.5.14)

2026-09-22 18:51:45.718  INFO 30176 --- [           main] com.school.sunraise.App                  : Starting App v0.0.1-SNAPSHOT using Java 17.0.19 on E-5CG2431370 with PID 30176 (C:\Users\emmsuuk\Desktop\UNN Project\Eclipse_Projects\UNN\sunraise\target\sunraise-0.0.1-SNAPSHOT.jar started by emmsuuk in c:\Users\emmsuuk\Desktop\UNN Project\Eclipse_Projects\UNN\sunraise)
2026-09-22 18:51:45.722  INFO 30176 --- [           main] com.school.sunraise.App                  : No active profile set, falling back to 1 default profile: "default"
2026-09-22 18:51:47.002  INFO 30176 --- [           main] .s.d.r.c.RepositoryConfigurationDelegate : Bootstrapping Spring Data JPA repositories in DEFAULT mode.
2026-09-22 18:51:47.048  INFO 30176 --- [           main] .s.d.r.c.RepositoryConfigurationDelegate : Finished Spring Data repository scanning in 17 ms. Found 0 JPA repository interfaces.
2026-09-22 18:51:48.806  INFO 30176 --- [           main] o.s.b.w.embedded.tomcat.TomcatWebServer  : Tomcat initialized with port(s): 8080 (http)
2026-09-22 18:51:48.824  INFO 30176 --- [           main] o.apache.catalina.core.StandardService   : Starting service [Tomcat]
2026-09-22 18:51:48.825  INFO 30176 --- [           main] org.apache.catalina.core.StandardEngine  : Starting Servlet engine: [Apache Tomcat/9.0.63]
2026-09-22 18:51:49.008  INFO 30176 --- [           main] o.a.c.c.C.[Tomcat].[localhost].[/]       : Initializing Spring embedded WebApplicationContext
2026-09-22 18:51:49.009  INFO 30176 --- [           main] w.s.c.ServletWebServerApplicationContext : Root WebApplicationContext: initialization completed in 3168 ms
2026-09-22 18:51:49.448  INFO 30176 --- [           main] o.hibernate.jpa.internal.util.LogHelper  : HHH000204: Processing PersistenceUnitInfo [name: default]
2026-09-22 18:51:49.606  INFO 30176 --- [           main] org.hibernate.Version                    : HHH000412: Hibernate ORM core version 5.4.33
2026-09-22 18:51:49.782  INFO 30176 --- [           main] o.hibernate.annotations.common.Version   : HCANN000001: Hibernate Commons Annotations {5.1.2.Final}
2026-09-22 18:51:49.936  INFO 30176 --- [           main] com.zaxxer.hikari.HikariDataSource       : HikariPool-1 - Starting...
2026-09-22 18:51:50.938  INFO 30176 --- [           main] com.zaxxer.hikari.HikariDataSource       : HikariPool-1 - Start completed.
2026-09-22 18:51:50.984  INFO 30176 --- [           main] org.hibernate.dialect.Dialect            : HHH000400: Using dialect: org.hibernate.dialect.PostgreSQLDialect
2026-09-22 18:51:52.400  INFO 30176 --- [           main] o.h.e.t.j.p.i.JtaPlatformInitiator       : HHH000490: Using JtaPlatform implementation: [org.hibernate.engine.transaction.jta.platform.internal.NoJtaPlatform]
2026-09-22 18:51:52.426  INFO 30176 --- [           main] j.LocalContainerEntityManagerFactoryBean : Initialized JPA EntityManagerFactory for persistence unit 'default'
2026-09-22 18:51:52.615  WARN 30176 --- [           main] JpaBaseConfiguration$JpaWebConfiguration : spring.jpa.open-in-view is enabled by default. Therefore, database queries may be performed during view rendering. Explicitly configure spring.jpa.open-in-view to disable this warning
2026-09-22 18:51:53.561  INFO 30176 --- [           main] o.s.b.w.embedded.tomcat.TomcatWebServer  : Tomcat started on port(s): 8080 (http) with context path ''
2026-09-22 18:51:53.583  INFO 30176 --- [           main] com.school.sunraise.App                  : Started App in 8.653 seconds (JVM running for 9.225)
